Release 14.7 - xst P.20131013 (lin64)
Copyright (c) 1995-2013 Xilinx, Inc.  All rights reserved.
--> 
Parameter TMPDIR set to xst/projnav.tmp


Total REAL time to Xst completion: 0.00 secs
Total CPU time to Xst completion: 0.03 secs
 
--> 
Parameter xsthdpdir set to xst


Total REAL time to Xst completion: 0.00 secs
Total CPU time to Xst completion: 0.03 secs
 
--> 
Reading design: Vadar.prj

TABLE OF CONTENTS
  1) Synthesis Options Summary
  2) HDL Parsing
  3) HDL Elaboration
  4) HDL Synthesis
       4.1) HDL Synthesis Report
  5) Advanced HDL Synthesis
       5.1) Advanced HDL Synthesis Report
  6) Low Level Synthesis
  7) Partition Report
  8) Design Summary
       8.1) Primitive and Black Box Usage
       8.2) Device utilization summary
       8.3) Partition Resource Summary
       8.4) Timing Report
            8.4.1) Clock Information
            8.4.2) Asynchronous Control Signals Information
            8.4.3) Timing Summary
            8.4.4) Timing Details
            8.4.5) Cross Clock Domains Report


=========================================================================
*                      Synthesis Options Summary                        *
=========================================================================
---- Source Parameters
Input File Name                    : "Vadar.prj"
Ignore Synthesis Constraint File   : NO

---- Target Parameters
Output File Name                   : "Vadar"
Output Format                      : NGC
Target Device                      : xc7a100t-3-csg324

---- Source Options
Top Module Name                    : Vadar
Automatic FSM Extraction           : YES
FSM Encoding Algorithm             : Auto
Safe Implementation                : No
FSM Style                          : LUT
RAM Extraction                     : Yes
RAM Style                          : Auto
ROM Extraction                     : Yes
Shift Register Extraction          : YES
ROM Style                          : Auto
Resource Sharing                   : YES
Asynchronous To Synchronous        : NO
Shift Register Minimum Size        : 2
Use DSP Block                      : Auto
Automatic Register Balancing       : No

---- Target Options
LUT Combining                      : Auto
Reduce Control Sets                : Auto
Add IO Buffers                     : YES
Global Maximum Fanout              : 100000
Add Generic Clock Buffer(BUFG)     : 32
Register Duplication               : YES
Optimize Instantiated Primitives   : NO
Use Clock Enable                   : Auto
Use Synchronous Set                : Auto
Use Synchronous Reset              : Auto
Pack IO Registers into IOBs        : Auto
Equivalent register Removal        : YES

---- General Options
Optimization Goal                  : Speed
Optimization Effort                : 1
Power Reduction                    : NO
Keep Hierarchy                     : No
Netlist Hierarchy                  : As_Optimized
RTL Output                         : Yes
Global Optimization                : AllClockNets
Read Cores                         : YES
Write Timing Constraints           : NO
Cross Clock Analysis               : NO
Hierarchy Separator                : /
Bus Delimiter                      : <>
Case Specifier                     : Maintain
Slice Utilization Ratio            : 100
BRAM Utilization Ratio             : 100
DSP48 Utilization Ratio            : 100
Auto BRAM Packing                  : NO
Slice Utilization Ratio Delta      : 5

=========================================================================


=========================================================================
*                          HDL Parsing                                  *
=========================================================================
Analyzing Verilog file "/home/bluelabuser/Documents/vader/VaderCode/UART_Tx.v" into library work
Parsing module <UART_Tx>.
Analyzing Verilog file "/home/bluelabuser/Documents/vader/VaderCode/UART_Rx.v" into library work
Parsing module <UART_Rx>.
Analyzing Verilog file "/home/bluelabuser/Documents/vader/VaderCode/BCD_Decoder.v" into library work
Parsing module <BCD_Decoder>.
Analyzing Verilog file "/home/bluelabuser/Documents/vader/VaderCode/UART.v" into library work
Parsing module <UART>.
Analyzing Verilog file "/home/bluelabuser/Documents/vader/VaderCode/SS_Driver.v" into library work
Parsing module <SS_Driver>.
Analyzing Verilog file "/home/bluelabuser/Documents/vader/VaderCode/Vadar.v" into library work
Parsing module <Vadar>.

=========================================================================
*                            HDL Elaboration                            *
=========================================================================

Elaborating module <Vadar>.

Elaborating module <SS_Driver>.

Elaborating module <BCD_Decoder>.

Elaborating module <UART>.

Elaborating module <UART_Rx(N=7,Full=7'b1101011)>.

Elaborating module <UART_Tx(N=7,Full=7'b1101011)>.
WARNING:HDLCompiler:634 - "/home/bluelabuser/Documents/vader/VaderCode/Vadar.v" Line 27: Net <Third_Char[3]> does not have a driver.
WARNING:HDLCompiler:634 - "/home/bluelabuser/Documents/vader/VaderCode/Vadar.v" Line 28: Net <Fourth_Char[3]> does not have a driver.

=========================================================================
*                           HDL Synthesis                               *
=========================================================================

Synthesizing Unit <Vadar>.
    Related source file is "/home/bluelabuser/Documents/vader/VaderCode/Vadar.v".
WARNING:Xst:653 - Signal <Third_Char> is used but never assigned. This sourceless signal will be automatically connected to value GND.
WARNING:Xst:653 - Signal <Fourth_Char> is used but never assigned. This sourceless signal will be automatically connected to value GND.
    Found 8-bit register for signal <Tx_Data>.
    Found 1-bit register for signal <Tx_Send>.
    Found 4-bit register for signal <Byte_Count>.
    Found 128-bit register for signal <Hash_value>.
    Found 4-bit register for signal <First_Char>.
    Found 4-bit register for signal <Second_Char>.
    Found 1-bit register for signal <Rx_Ack>.
    Summary:
	inferred 150 D-type flip-flop(s).
Unit <Vadar> synthesized.

Synthesizing Unit <SS_Driver>.
    Related source file is "/home/bluelabuser/Documents/vader/VaderCode/SS_Driver.v".
    Found 4-bit register for signal <SegmentDrivers>.
    Found 17-bit register for signal <Count>.
    Found 17-bit adder for signal <Count[16]_GND_2_o_add_1_OUT> created at line 22.
    Summary:
	inferred   1 Adder/Subtractor(s).
	inferred  21 D-type flip-flop(s).
	inferred   1 Multiplexer(s).
Unit <SS_Driver> synthesized.

Synthesizing Unit <BCD_Decoder>.
    Related source file is "/home/bluelabuser/Documents/vader/VaderCode/BCD_Decoder.v".
    Found 16x7-bit Read Only RAM for signal <SevenSegment>
    Summary:
	inferred   1 RAM(s).
Unit <BCD_Decoder> synthesized.

Synthesizing Unit <UART>.
    Related source file is "/home/bluelabuser/Documents/vader/VaderCode/UART.v".
        N = 7
        Full = 7'b1101011
    Summary:
	no macro.
Unit <UART> synthesized.

Synthesizing Unit <UART_Rx>.
    Related source file is "/home/bluelabuser/Documents/vader/VaderCode/UART_Rx.v".
        N = 7
        Full = 7'b1101011
    Found 1-bit register for signal <tAck>.
    Found 1-bit register for signal <tReset>.
    Found 8-bit register for signal <Data>.
    Found 1-bit register for signal <Ready>.
    Found 1-bit register for signal <NewData>.
    Found 7-bit register for signal <Count>.
    Found 2-bit register for signal <State>.
    Found 3-bit register for signal <BitCount>.
    Found 8-bit register for signal <Temp>.
    Found 1-bit register for signal <tRx>.
    Found finite state machine <FSM_0> for signal <State>.
    -----------------------------------------------------------------------
    | States             | 4                                              |
    | Transitions        | 14                                             |
    | Inputs             | 6                                              |
    | Outputs            | 4                                              |
    | Clock              | Clk (rising_edge)                              |
    | Reset              | tReset (positive)                              |
    | Reset type         | synchronous                                    |
    | Reset State        | 00                                             |
    | Encoding           | auto                                           |
    | Implementation     | LUT                                            |
    -----------------------------------------------------------------------
    Found 7-bit subtractor for signal <Count[6]_GND_5_o_sub_26_OUT> created at line 122.
    Found 3-bit adder for signal <BitCount[2]_GND_5_o_add_17_OUT> created at line 115.
    Summary:
	inferred   2 Adder/Subtractor(s).
	inferred  31 D-type flip-flop(s).
	inferred   5 Multiplexer(s).
	inferred   1 Finite State Machine(s).
Unit <UART_Rx> synthesized.

Synthesizing Unit <UART_Tx>.
    Related source file is "/home/bluelabuser/Documents/vader/VaderCode/UART_Tx.v".
        N = 7
        Full = 7'b1101011
    Found 1-bit register for signal <Busy>.
    Found 1-bit register for signal <Tx>.
    Found 1-bit register for signal <tSend>.
    Found 7-bit register for signal <Count>.
    Found 3-bit register for signal <BitCount>.
    Found 2-bit register for signal <State>.
    Found 8-bit register for signal <Temp>.
    Found 1-bit register for signal <tReset>.
    Found finite state machine <FSM_1> for signal <State>.
    -----------------------------------------------------------------------
    | States             | 4                                              |
    | Transitions        | 11                                             |
    | Inputs             | 3                                              |
    | Outputs            | 3                                              |
    | Clock              | Clk (rising_edge)                              |
    | Reset              | tReset (positive)                              |
    | Reset type         | synchronous                                    |
    | Reset State        | 00                                             |
    | Encoding           | auto                                           |
    | Implementation     | LUT                                            |
    -----------------------------------------------------------------------
    Found 3-bit subtractor for signal <BitCount[2]_GND_6_o_sub_9_OUT> created at line 85.
    Found 7-bit subtractor for signal <Count[6]_GND_6_o_sub_17_OUT> created at line 107.
    Summary:
	inferred   2 Adder/Subtractor(s).
	inferred  22 D-type flip-flop(s).
	inferred   5 Multiplexer(s).
	inferred   1 Finite State Machine(s).
Unit <UART_Tx> synthesized.

=========================================================================
HDL Synthesis Report

Macro Statistics
# RAMs                                                 : 4
 16x7-bit single-port Read Only RAM                    : 4
# Adders/Subtractors                                   : 5
 17-bit adder                                          : 1
 3-bit adder                                           : 1
 3-bit subtractor                                      : 1
 7-bit subtractor                                      : 2
# Registers                                            : 25
 1-bit register                                        : 11
 128-bit register                                      : 1
 17-bit register                                       : 1
 3-bit register                                        : 2
 4-bit register                                        : 4
 7-bit register                                        : 2
 8-bit register                                        : 4
# Multiplexers                                         : 11
 1-bit 2-to-1 multiplexer                              : 2
 3-bit 2-to-1 multiplexer                              : 2
 7-bit 2-to-1 multiplexer                              : 5
 8-bit 2-to-1 multiplexer                              : 2
# FSMs                                                 : 2

=========================================================================

=========================================================================
*                       Advanced HDL Synthesis                          *
=========================================================================

WARNING:Xst:1293 - FF/Latch <Byte_Count_1> has a constant value of 0 in block <Vadar>. This FF/Latch will be trimmed during the optimization process.
WARNING:Xst:1896 - Due to other FF/Latch trimming, FF/Latch <Byte_Count_2> has a constant value of 0 in block <Vadar>. This FF/Latch will be trimmed during the optimization process.
WARNING:Xst:1896 - Due to other FF/Latch trimming, FF/Latch <Byte_Count_3> has a constant value of 0 in block <Vadar>. This FF/Latch will be trimmed during the optimization process.
WARNING:Xst:2677 - Node <Hash_value_8> of sequential type is unconnected in block <Vadar>.
WARNING:Xst:2677 - Node <Hash_value_9> of sequential type is unconnected in block <Vadar>.
WARNING:Xst:2677 - Node <Hash_value_10> of sequential type is unconnected in block <Vadar>.
WARNING:Xst:2677 - Node <Hash_value_11> of sequential type is unconnected in block <Vadar>.
WARNING:Xst:2677 - Node <Hash_value_12> of sequential type is unconnected in block <Vadar>.
WARNING:Xst:2677 - Node <Hash_value_13> of sequential type is unconnected in block <Vadar>.
WARNING:Xst:2677 - Node <Hash_value_14> of sequential type is unconnected in block <Vadar>.
WARNING:Xst:2677 - Node <Hash_value_15> of sequential type is unconnected in block <Vadar>.
WARNING:Xst:2677 - Node <Hash_value_16> of sequential type is unconnected in block <Vadar>.
WARNING:Xst:2677 - Node <Hash_value_17> of sequential type is unconnected in block <Vadar>.
WARNING:Xst:2677 - Node <Hash_value_18> of sequential type is unconnected in block <Vadar>.
WARNING:Xst:2677 - Node <Hash_value_19> of sequential type is unconnected in block <Vadar>.
WARNING:Xst:2677 - Node <Hash_value_20> of sequential type is unconnected in block <Vadar>.
WARNING:Xst:2677 - Node <Hash_value_21> of sequential type is unconnected in block <Vadar>.
WARNING:Xst:2677 - Node <Hash_value_22> of sequential type is unconnected in block <Vadar>.
WARNING:Xst:2677 - Node <Hash_value_23> of sequential type is unconnected in block <Vadar>.
WARNING:Xst:2677 - Node <Hash_value_24> of sequential type is unconnected in block <Vadar>.
WARNING:Xst:2677 - Node <Hash_value_25> of sequential type is unconnected in block <Vadar>.
WARNING:Xst:2677 - Node <Hash_value_26> of sequential type is unconnected in block <Vadar>.
WARNING:Xst:2677 - Node <Hash_value_27> of sequential type is unconnected in block <Vadar>.
WARNING:Xst:2677 - Node <Hash_value_28> of sequential type is unconnected in block <Vadar>.
WARNING:Xst:2677 - Node <Hash_value_29> of sequential type is unconnected in block <Vadar>.
WARNING:Xst:2677 - Node <Hash_value_30> of sequential type is unconnected in block <Vadar>.
WARNING:Xst:2677 - Node <Hash_value_31> of sequential type is unconnected in block <Vadar>.
WARNING:Xst:2677 - Node <Hash_value_32> of sequential type is unconnected in block <Vadar>.
WARNING:Xst:2677 - Node <Hash_value_33> of sequential type is unconnected in block <Vadar>.
WARNING:Xst:2677 - Node <Hash_value_34> of sequential type is unconnected in block <Vadar>.
WARNING:Xst:2677 - Node <Hash_value_35> of sequential type is unconnected in block <Vadar>.
WARNING:Xst:2677 - Node <Hash_value_36> of sequential type is unconnected in block <Vadar>.
WARNING:Xst:2677 - Node <Hash_value_37> of sequential type is unconnected in block <Vadar>.
WARNING:Xst:2677 - Node <Hash_value_38> of sequential type is unconnected in block <Vadar>.
WARNING:Xst:2677 - Node <Hash_value_39> of sequential type is unconnected in block <Vadar>.
WARNING:Xst:2677 - Node <Hash_value_40> of sequential type is unconnected in block <Vadar>.
WARNING:Xst:2677 - Node <Hash_value_41> of sequential type is unconnected in block <Vadar>.
WARNING:Xst:2677 - Node <Hash_value_42> of sequential type is unconnected in block <Vadar>.
WARNING:Xst:2677 - Node <Hash_value_43> of sequential type is unconnected in block <Vadar>.
WARNING:Xst:2677 - Node <Hash_value_44> of sequential type is unconnected in block <Vadar>.
WARNING:Xst:2677 - Node <Hash_value_45> of sequential type is unconnected in block <Vadar>.
WARNING:Xst:2677 - Node <Hash_value_46> of sequential type is unconnected in block <Vadar>.
WARNING:Xst:2677 - Node <Hash_value_47> of sequential type is unconnected in block <Vadar>.
WARNING:Xst:2677 - Node <Hash_value_48> of sequential type is unconnected in block <Vadar>.
WARNING:Xst:2677 - Node <Hash_value_49> of sequential type is unconnected in block <Vadar>.
WARNING:Xst:2677 - Node <Hash_value_50> of sequential type is unconnected in block <Vadar>.
WARNING:Xst:2677 - Node <Hash_value_51> of sequential type is unconnected in block <Vadar>.
WARNING:Xst:2677 - Node <Hash_value_52> of sequential type is unconnected in block <Vadar>.
WARNING:Xst:2677 - Node <Hash_value_53> of sequential type is unconnected in block <Vadar>.
WARNING:Xst:2677 - Node <Hash_value_54> of sequential type is unconnected in block <Vadar>.
WARNING:Xst:2677 - Node <Hash_value_55> of sequential type is unconnected in block <Vadar>.
WARNING:Xst:2677 - Node <Hash_value_56> of sequential type is unconnected in block <Vadar>.
WARNING:Xst:2677 - Node <Hash_value_57> of sequential type is unconnected in block <Vadar>.
WARNING:Xst:2677 - Node <Hash_value_58> of sequential type is unconnected in block <Vadar>.
WARNING:Xst:2677 - Node <Hash_value_59> of sequential type is unconnected in block <Vadar>.
WARNING:Xst:2677 - Node <Hash_value_60> of sequential type is unconnected in block <Vadar>.
WARNING:Xst:2677 - Node <Hash_value_61> of sequential type is unconnected in block <Vadar>.
WARNING:Xst:2677 - Node <Hash_value_62> of sequential type is unconnected in block <Vadar>.
WARNING:Xst:2677 - Node <Hash_value_63> of sequential type is unconnected in block <Vadar>.
WARNING:Xst:2677 - Node <Hash_value_64> of sequential type is unconnected in block <Vadar>.
WARNING:Xst:2677 - Node <Hash_value_65> of sequential type is unconnected in block <Vadar>.
WARNING:Xst:2677 - Node <Hash_value_66> of sequential type is unconnected in block <Vadar>.
WARNING:Xst:2677 - Node <Hash_value_67> of sequential type is unconnected in block <Vadar>.
WARNING:Xst:2677 - Node <Hash_value_68> of sequential type is unconnected in block <Vadar>.
WARNING:Xst:2677 - Node <Hash_value_69> of sequential type is unconnected in block <Vadar>.
WARNING:Xst:2677 - Node <Hash_value_70> of sequential type is unconnected in block <Vadar>.
WARNING:Xst:2677 - Node <Hash_value_71> of sequential type is unconnected in block <Vadar>.
WARNING:Xst:2677 - Node <Hash_value_72> of sequential type is unconnected in block <Vadar>.
WARNING:Xst:2677 - Node <Hash_value_73> of sequential type is unconnected in block <Vadar>.
WARNING:Xst:2677 - Node <Hash_value_74> of sequential type is unconnected in block <Vadar>.
WARNING:Xst:2677 - Node <Hash_value_75> of sequential type is unconnected in block <Vadar>.
WARNING:Xst:2677 - Node <Hash_value_76> of sequential type is unconnected in block <Vadar>.
WARNING:Xst:2677 - Node <Hash_value_77> of sequential type is unconnected in block <Vadar>.
WARNING:Xst:2677 - Node <Hash_value_78> of sequential type is unconnected in block <Vadar>.
WARNING:Xst:2677 - Node <Hash_value_79> of sequential type is unconnected in block <Vadar>.
WARNING:Xst:2677 - Node <Hash_value_80> of sequential type is unconnected in block <Vadar>.
WARNING:Xst:2677 - Node <Hash_value_81> of sequential type is unconnected in block <Vadar>.
WARNING:Xst:2677 - Node <Hash_value_82> of sequential type is unconnected in block <Vadar>.
WARNING:Xst:2677 - Node <Hash_value_83> of sequential type is unconnected in block <Vadar>.
WARNING:Xst:2677 - Node <Hash_value_84> of sequential type is unconnected in block <Vadar>.
WARNING:Xst:2677 - Node <Hash_value_85> of sequential type is unconnected in block <Vadar>.
WARNING:Xst:2677 - Node <Hash_value_86> of sequential type is unconnected in block <Vadar>.
WARNING:Xst:2677 - Node <Hash_value_87> of sequential type is unconnected in block <Vadar>.
WARNING:Xst:2677 - Node <Hash_value_88> of sequential type is unconnected in block <Vadar>.
WARNING:Xst:2677 - Node <Hash_value_89> of sequential type is unconnected in block <Vadar>.
WARNING:Xst:2677 - Node <Hash_value_90> of sequential type is unconnected in block <Vadar>.
WARNING:Xst:2677 - Node <Hash_value_91> of sequential type is unconnected in block <Vadar>.
WARNING:Xst:2677 - Node <Hash_value_92> of sequential type is unconnected in block <Vadar>.
WARNING:Xst:2677 - Node <Hash_value_93> of sequential type is unconnected in block <Vadar>.
WARNING:Xst:2677 - Node <Hash_value_94> of sequential type is unconnected in block <Vadar>.
WARNING:Xst:2677 - Node <Hash_value_95> of sequential type is unconnected in block <Vadar>.
WARNING:Xst:2677 - Node <Hash_value_96> of sequential type is unconnected in block <Vadar>.
WARNING:Xst:2677 - Node <Hash_value_97> of sequential type is unconnected in block <Vadar>.
WARNING:Xst:2677 - Node <Hash_value_98> of sequential type is unconnected in block <Vadar>.
WARNING:Xst:2677 - Node <Hash_value_99> of sequential type is unconnected in block <Vadar>.
WARNING:Xst:2677 - Node <Hash_value_100> of sequential type is unconnected in block <Vadar>.
WARNING:Xst:2677 - Node <Hash_value_101> of sequential type is unconnected in block <Vadar>.
WARNING:Xst:2677 - Node <Hash_value_102> of sequential type is unconnected in block <Vadar>.
WARNING:Xst:2677 - Node <Hash_value_103> of sequential type is unconnected in block <Vadar>.
WARNING:Xst:2677 - Node <Hash_value_104> of sequential type is unconnected in block <Vadar>.
WARNING:Xst:2677 - Node <Hash_value_105> of sequential type is unconnected in block <Vadar>.
WARNING:Xst:2677 - Node <Hash_value_106> of sequential type is unconnected in block <Vadar>.
WARNING:Xst:2677 - Node <Hash_value_107> of sequential type is unconnected in block <Vadar>.
WARNING:Xst:2677 - Node <Hash_value_108> of sequential type is unconnected in block <Vadar>.
WARNING:Xst:2677 - Node <Hash_value_109> of sequential type is unconnected in block <Vadar>.
WARNING:Xst:2677 - Node <Hash_value_110> of sequential type is unconnected in block <Vadar>.
WARNING:Xst:2677 - Node <Hash_value_111> of sequential type is unconnected in block <Vadar>.
WARNING:Xst:2677 - Node <Hash_value_112> of sequential type is unconnected in block <Vadar>.
WARNING:Xst:2677 - Node <Hash_value_113> of sequential type is unconnected in block <Vadar>.
WARNING:Xst:2677 - Node <Hash_value_114> of sequential type is unconnected in block <Vadar>.
WARNING:Xst:2677 - Node <Hash_value_115> of sequential type is unconnected in block <Vadar>.
WARNING:Xst:2677 - Node <Hash_value_116> of sequential type is unconnected in block <Vadar>.
WARNING:Xst:2677 - Node <Hash_value_117> of sequential type is unconnected in block <Vadar>.
WARNING:Xst:2677 - Node <Hash_value_118> of sequential type is unconnected in block <Vadar>.
WARNING:Xst:2677 - Node <Hash_value_119> of sequential type is unconnected in block <Vadar>.
WARNING:Xst:2677 - Node <Hash_value_120> of sequential type is unconnected in block <Vadar>.
WARNING:Xst:2677 - Node <Hash_value_121> of sequential type is unconnected in block <Vadar>.
WARNING:Xst:2677 - Node <Hash_value_122> of sequential type is unconnected in block <Vadar>.
WARNING:Xst:2677 - Node <Hash_value_123> of sequential type is unconnected in block <Vadar>.
WARNING:Xst:2677 - Node <Hash_value_124> of sequential type is unconnected in block <Vadar>.
WARNING:Xst:2677 - Node <Hash_value_125> of sequential type is unconnected in block <Vadar>.
WARNING:Xst:2677 - Node <Hash_value_126> of sequential type is unconnected in block <Vadar>.
WARNING:Xst:2677 - Node <Hash_value_127> of sequential type is unconnected in block <Vadar>.

Synthesizing (advanced) Unit <BCD_Decoder>.
INFO:Xst:3231 - The small RAM <Mram_SevenSegment> will be implemented on LUTs in order to maximize performance and save block RAM resources. If you want to force its implementation on block, use option/constraint ram_style.
    -----------------------------------------------------------------------
    | ram_type           | Distributed                         |          |
    -----------------------------------------------------------------------
    | Port A                                                              |
    |     aspect ratio   | 16-word x 7-bit                     |          |
    |     weA            | connected to signal <GND>           | high     |
    |     addrA          | connected to signal <BCD>           |          |
    |     diA            | connected to signal <GND>           |          |
    |     doA            | connected to signal <SevenSegment>  |          |
    -----------------------------------------------------------------------
Unit <BCD_Decoder> synthesized (advanced).

Synthesizing (advanced) Unit <SS_Driver>.
The following registers are absorbed into counter <Count>: 1 register on signal <Count>.
Unit <SS_Driver> synthesized (advanced).

Synthesizing (advanced) Unit <UART_Rx>.
The following registers are absorbed into counter <Count>: 1 register on signal <Count>.
Unit <UART_Rx> synthesized (advanced).

Synthesizing (advanced) Unit <UART_Tx>.
The following registers are absorbed into counter <BitCount>: 1 register on signal <BitCount>.
The following registers are absorbed into counter <Count>: 1 register on signal <Count>.
Unit <UART_Tx> synthesized (advanced).
WARNING:Xst:2677 - Node <Hash_value_8> of sequential type is unconnected in block <Vadar>.
WARNING:Xst:2677 - Node <Hash_value_9> of sequential type is unconnected in block <Vadar>.
WARNING:Xst:2677 - Node <Hash_value_10> of sequential type is unconnected in block <Vadar>.
WARNING:Xst:2677 - Node <Hash_value_11> of sequential type is unconnected in block <Vadar>.
WARNING:Xst:2677 - Node <Hash_value_12> of sequential type is unconnected in block <Vadar>.
WARNING:Xst:2677 - Node <Hash_value_13> of sequential type is unconnected in block <Vadar>.
WARNING:Xst:2677 - Node <Hash_value_14> of sequential type is unconnected in block <Vadar>.
WARNING:Xst:2677 - Node <Hash_value_15> of sequential type is unconnected in block <Vadar>.
WARNING:Xst:2677 - Node <Hash_value_16> of sequential type is unconnected in block <Vadar>.
WARNING:Xst:2677 - Node <Hash_value_17> of sequential type is unconnected in block <Vadar>.
WARNING:Xst:2677 - Node <Hash_value_18> of sequential type is unconnected in block <Vadar>.
WARNING:Xst:2677 - Node <Hash_value_19> of sequential type is unconnected in block <Vadar>.
WARNING:Xst:2677 - Node <Hash_value_20> of sequential type is unconnected in block <Vadar>.
WARNING:Xst:2677 - Node <Hash_value_21> of sequential type is unconnected in block <Vadar>.
WARNING:Xst:2677 - Node <Hash_value_22> of sequential type is unconnected in block <Vadar>.
WARNING:Xst:2677 - Node <Hash_value_23> of sequential type is unconnected in block <Vadar>.
WARNING:Xst:2677 - Node <Hash_value_24> of sequential type is unconnected in block <Vadar>.
WARNING:Xst:2677 - Node <Hash_value_25> of sequential type is unconnected in block <Vadar>.
WARNING:Xst:2677 - Node <Hash_value_26> of sequential type is unconnected in block <Vadar>.
WARNING:Xst:2677 - Node <Hash_value_27> of sequential type is unconnected in block <Vadar>.
WARNING:Xst:2677 - Node <Hash_value_28> of sequential type is unconnected in block <Vadar>.
WARNING:Xst:2677 - Node <Hash_value_29> of sequential type is unconnected in block <Vadar>.
WARNING:Xst:2677 - Node <Hash_value_30> of sequential type is unconnected in block <Vadar>.
WARNING:Xst:2677 - Node <Hash_value_31> of sequential type is unconnected in block <Vadar>.
WARNING:Xst:2677 - Node <Hash_value_32> of sequential type is unconnected in block <Vadar>.
WARNING:Xst:2677 - Node <Hash_value_33> of sequential type is unconnected in block <Vadar>.
WARNING:Xst:2677 - Node <Hash_value_34> of sequential type is unconnected in block <Vadar>.
WARNING:Xst:2677 - Node <Hash_value_35> of sequential type is unconnected in block <Vadar>.
WARNING:Xst:2677 - Node <Hash_value_36> of sequential type is unconnected in block <Vadar>.
WARNING:Xst:2677 - Node <Hash_value_37> of sequential type is unconnected in block <Vadar>.
WARNING:Xst:2677 - Node <Hash_value_38> of sequential type is unconnected in block <Vadar>.
WARNING:Xst:2677 - Node <Hash_value_39> of sequential type is unconnected in block <Vadar>.
WARNING:Xst:2677 - Node <Hash_value_40> of sequential type is unconnected in block <Vadar>.
WARNING:Xst:2677 - Node <Hash_value_41> of sequential type is unconnected in block <Vadar>.
WARNING:Xst:2677 - Node <Hash_value_42> of sequential type is unconnected in block <Vadar>.
WARNING:Xst:2677 - Node <Hash_value_43> of sequential type is unconnected in block <Vadar>.
WARNING:Xst:2677 - Node <Hash_value_44> of sequential type is unconnected in block <Vadar>.
WARNING:Xst:2677 - Node <Hash_value_45> of sequential type is unconnected in block <Vadar>.
WARNING:Xst:2677 - Node <Hash_value_46> of sequential type is unconnected in block <Vadar>.
WARNING:Xst:2677 - Node <Hash_value_47> of sequential type is unconnected in block <Vadar>.
WARNING:Xst:2677 - Node <Hash_value_48> of sequential type is unconnected in block <Vadar>.
WARNING:Xst:2677 - Node <Hash_value_49> of sequential type is unconnected in block <Vadar>.
WARNING:Xst:2677 - Node <Hash_value_50> of sequential type is unconnected in block <Vadar>.
WARNING:Xst:2677 - Node <Hash_value_51> of sequential type is unconnected in block <Vadar>.
WARNING:Xst:2677 - Node <Hash_value_52> of sequential type is unconnected in block <Vadar>.
WARNING:Xst:2677 - Node <Hash_value_53> of sequential type is unconnected in block <Vadar>.
WARNING:Xst:2677 - Node <Hash_value_54> of sequential type is unconnected in block <Vadar>.
WARNING:Xst:2677 - Node <Hash_value_55> of sequential type is unconnected in block <Vadar>.
WARNING:Xst:2677 - Node <Hash_value_56> of sequential type is unconnected in block <Vadar>.
WARNING:Xst:2677 - Node <Hash_value_57> of sequential type is unconnected in block <Vadar>.
WARNING:Xst:2677 - Node <Hash_value_58> of sequential type is unconnected in block <Vadar>.
WARNING:Xst:2677 - Node <Hash_value_59> of sequential type is unconnected in block <Vadar>.
WARNING:Xst:2677 - Node <Hash_value_60> of sequential type is unconnected in block <Vadar>.
WARNING:Xst:2677 - Node <Hash_value_61> of sequential type is unconnected in block <Vadar>.
WARNING:Xst:2677 - Node <Hash_value_62> of sequential type is unconnected in block <Vadar>.
WARNING:Xst:2677 - Node <Hash_value_63> of sequential type is unconnected in block <Vadar>.
WARNING:Xst:2677 - Node <Hash_value_64> of sequential type is unconnected in block <Vadar>.
WARNING:Xst:2677 - Node <Hash_value_65> of sequential type is unconnected in block <Vadar>.
WARNING:Xst:2677 - Node <Hash_value_66> of sequential type is unconnected in block <Vadar>.
WARNING:Xst:2677 - Node <Hash_value_67> of sequential type is unconnected in block <Vadar>.
WARNING:Xst:2677 - Node <Hash_value_68> of sequential type is unconnected in block <Vadar>.
WARNING:Xst:2677 - Node <Hash_value_69> of sequential type is unconnected in block <Vadar>.
WARNING:Xst:2677 - Node <Hash_value_70> of sequential type is unconnected in block <Vadar>.
WARNING:Xst:2677 - Node <Hash_value_71> of sequential type is unconnected in block <Vadar>.
WARNING:Xst:2677 - Node <Hash_value_72> of sequential type is unconnected in block <Vadar>.
WARNING:Xst:2677 - Node <Hash_value_73> of sequential type is unconnected in block <Vadar>.
WARNING:Xst:2677 - Node <Hash_value_74> of sequential type is unconnected in block <Vadar>.
WARNING:Xst:2677 - Node <Hash_value_75> of sequential type is unconnected in block <Vadar>.
WARNING:Xst:2677 - Node <Hash_value_76> of sequential type is unconnected in block <Vadar>.
WARNING:Xst:2677 - Node <Hash_value_77> of sequential type is unconnected in block <Vadar>.
WARNING:Xst:2677 - Node <Hash_value_78> of sequential type is unconnected in block <Vadar>.
WARNING:Xst:2677 - Node <Hash_value_79> of sequential type is unconnected in block <Vadar>.
WARNING:Xst:2677 - Node <Hash_value_80> of sequential type is unconnected in block <Vadar>.
WARNING:Xst:2677 - Node <Hash_value_81> of sequential type is unconnected in block <Vadar>.
WARNING:Xst:2677 - Node <Hash_value_82> of sequential type is unconnected in block <Vadar>.
WARNING:Xst:2677 - Node <Hash_value_83> of sequential type is unconnected in block <Vadar>.
WARNING:Xst:2677 - Node <Hash_value_84> of sequential type is unconnected in block <Vadar>.
WARNING:Xst:2677 - Node <Hash_value_85> of sequential type is unconnected in block <Vadar>.
WARNING:Xst:2677 - Node <Hash_value_86> of sequential type is unconnected in block <Vadar>.
WARNING:Xst:2677 - Node <Hash_value_87> of sequential type is unconnected in block <Vadar>.
WARNING:Xst:2677 - Node <Hash_value_88> of sequential type is unconnected in block <Vadar>.
WARNING:Xst:2677 - Node <Hash_value_89> of sequential type is unconnected in block <Vadar>.
WARNING:Xst:2677 - Node <Hash_value_90> of sequential type is unconnected in block <Vadar>.
WARNING:Xst:2677 - Node <Hash_value_91> of sequential type is unconnected in block <Vadar>.
WARNING:Xst:2677 - Node <Hash_value_92> of sequential type is unconnected in block <Vadar>.
WARNING:Xst:2677 - Node <Hash_value_93> of sequential type is unconnected in block <Vadar>.
WARNING:Xst:2677 - Node <Hash_value_94> of sequential type is unconnected in block <Vadar>.
WARNING:Xst:2677 - Node <Hash_value_95> of sequential type is unconnected in block <Vadar>.
WARNING:Xst:2677 - Node <Hash_value_96> of sequential type is unconnected in block <Vadar>.
WARNING:Xst:2677 - Node <Hash_value_97> of sequential type is unconnected in block <Vadar>.
WARNING:Xst:2677 - Node <Hash_value_98> of sequential type is unconnected in block <Vadar>.
WARNING:Xst:2677 - Node <Hash_value_99> of sequential type is unconnected in block <Vadar>.
WARNING:Xst:2677 - Node <Hash_value_100> of sequential type is unconnected in block <Vadar>.
WARNING:Xst:2677 - Node <Hash_value_101> of sequential type is unconnected in block <Vadar>.
WARNING:Xst:2677 - Node <Hash_value_102> of sequential type is unconnected in block <Vadar>.
WARNING:Xst:2677 - Node <Hash_value_103> of sequential type is unconnected in block <Vadar>.
WARNING:Xst:2677 - Node <Hash_value_104> of sequential type is unconnected in block <Vadar>.
WARNING:Xst:2677 - Node <Hash_value_105> of sequential type is unconnected in block <Vadar>.
WARNING:Xst:2677 - Node <Hash_value_106> of sequential type is unconnected in block <Vadar>.
WARNING:Xst:2677 - Node <Hash_value_107> of sequential type is unconnected in block <Vadar>.
WARNING:Xst:2677 - Node <Hash_value_108> of sequential type is unconnected in block <Vadar>.
WARNING:Xst:2677 - Node <Hash_value_109> of sequential type is unconnected in block <Vadar>.
WARNING:Xst:2677 - Node <Hash_value_110> of sequential type is unconnected in block <Vadar>.
WARNING:Xst:2677 - Node <Hash_value_111> of sequential type is unconnected in block <Vadar>.
WARNING:Xst:2677 - Node <Hash_value_112> of sequential type is unconnected in block <Vadar>.
WARNING:Xst:2677 - Node <Hash_value_113> of sequential type is unconnected in block <Vadar>.
WARNING:Xst:2677 - Node <Hash_value_114> of sequential type is unconnected in block <Vadar>.
WARNING:Xst:2677 - Node <Hash_value_115> of sequential type is unconnected in block <Vadar>.
WARNING:Xst:2677 - Node <Hash_value_116> of sequential type is unconnected in block <Vadar>.
WARNING:Xst:2677 - Node <Hash_value_117> of sequential type is unconnected in block <Vadar>.
WARNING:Xst:2677 - Node <Hash_value_118> of sequential type is unconnected in block <Vadar>.
WARNING:Xst:2677 - Node <Hash_value_119> of sequential type is unconnected in block <Vadar>.
WARNING:Xst:2677 - Node <Hash_value_120> of sequential type is unconnected in block <Vadar>.
WARNING:Xst:2677 - Node <Hash_value_121> of sequential type is unconnected in block <Vadar>.
WARNING:Xst:2677 - Node <Hash_value_122> of sequential type is unconnected in block <Vadar>.
WARNING:Xst:2677 - Node <Hash_value_123> of sequential type is unconnected in block <Vadar>.
WARNING:Xst:2677 - Node <Hash_value_124> of sequential type is unconnected in block <Vadar>.
WARNING:Xst:2677 - Node <Hash_value_125> of sequential type is unconnected in block <Vadar>.
WARNING:Xst:2677 - Node <Hash_value_126> of sequential type is unconnected in block <Vadar>.
WARNING:Xst:2677 - Node <Hash_value_127> of sequential type is unconnected in block <Vadar>.

=========================================================================
Advanced HDL Synthesis Report

Macro Statistics
# RAMs                                                 : 4
 16x7-bit single-port distributed Read Only RAM        : 4
# Adders/Subtractors                                   : 1
 3-bit adder                                           : 1
# Counters                                             : 4
 17-bit up counter                                     : 1
 3-bit down counter                                    : 1
 7-bit down counter                                    : 2
# Registers                                            : 70
 Flip-Flops                                            : 70
# Multiplexers                                         : 8
 1-bit 2-to-1 multiplexer                              : 2
 3-bit 2-to-1 multiplexer                              : 1
 7-bit 2-to-1 multiplexer                              : 3
 8-bit 2-to-1 multiplexer                              : 2
# FSMs                                                 : 2

=========================================================================

=========================================================================
*                         Low Level Synthesis                           *
=========================================================================
WARNING:Xst:1989 - Unit <SS_Driver>: instances <BCD_Decoder2>, <BCD_Decoder3> of unit <BCD_Decoder> are equivalent, second instance is removed
WARNING:Xst:1293 - FF/Latch <Byte_Count_1> has a constant value of 0 in block <Vadar>. This FF/Latch will be trimmed during the optimization process.
WARNING:Xst:1896 - Due to other FF/Latch trimming, FF/Latch <Byte_Count_2> has a constant value of 0 in block <Vadar>. This FF/Latch will be trimmed during the optimization process.
WARNING:Xst:1896 - Due to other FF/Latch trimming, FF/Latch <Byte_Count_3> has a constant value of 0 in block <Vadar>. This FF/Latch will be trimmed during the optimization process.
INFO:Xst:2261 - The FF/Latch <Hash_value_0> in Unit <Vadar> is equivalent to the following FF/Latch, which will be removed : <First_Char_0> 
INFO:Xst:2261 - The FF/Latch <Hash_value_1> in Unit <Vadar> is equivalent to the following FF/Latch, which will be removed : <First_Char_1> 
INFO:Xst:2261 - The FF/Latch <Hash_value_2> in Unit <Vadar> is equivalent to the following FF/Latch, which will be removed : <First_Char_2> 
INFO:Xst:2261 - The FF/Latch <Hash_value_3> in Unit <Vadar> is equivalent to the following FF/Latch, which will be removed : <First_Char_3> 
INFO:Xst:2261 - The FF/Latch <Hash_value_4> in Unit <Vadar> is equivalent to the following FF/Latch, which will be removed : <Second_Char_0> 
INFO:Xst:2261 - The FF/Latch <Hash_value_5> in Unit <Vadar> is equivalent to the following FF/Latch, which will be removed : <Second_Char_1> 
INFO:Xst:2261 - The FF/Latch <Hash_value_6> in Unit <Vadar> is equivalent to the following FF/Latch, which will be removed : <Second_Char_2> 
INFO:Xst:2261 - The FF/Latch <Hash_value_7> in Unit <Vadar> is equivalent to the following FF/Latch, which will be removed : <Second_Char_3> 
Analyzing FSM <MFsm> for best encoding.
Optimizing FSM <UART1/UART_Tx1/FSM_1> on signal <State[1:2]> with user encoding.
-------------------
 State | Encoding
-------------------
 00    | 00
 01    | 01
 11    | 11
 10    | 10
-------------------
Analyzing FSM <MFsm> for best encoding.
Optimizing FSM <UART1/UART_Rx1/FSM_0> on signal <State[1:2]> with gray encoding.
-------------------
 State | Encoding
-------------------
 00    | 00
 10    | 01
 01    | 11
 11    | 10
-------------------

Optimizing unit <Vadar> ...

Optimizing unit <SS_Driver> ...

Optimizing unit <UART_Tx> ...

Optimizing unit <UART_Rx> ...
INFO:Xst:2261 - The FF/Latch <UART1/UART_Tx1/tReset> in Unit <Vadar> is equivalent to the following FF/Latch, which will be removed : <UART1/UART_Rx1/tReset> 

Mapping all equations...
Building and optimizing final netlist ...
Found area constraint ratio of 100 (+ 5) on block Vadar, actual ratio is 0.

Final Macro Processing ...

=========================================================================
Final Register Report

Macro Statistics
# Registers                                            : 96
 Flip-Flops                                            : 96

=========================================================================

=========================================================================
*                           Partition Report                            *
=========================================================================

Partition Implementation Status
-------------------------------

  No Partitions were found in this design.

-------------------------------

=========================================================================
*                            Design Summary                             *
=========================================================================

Top Level Output File Name         : Vadar.ngc

Primitive and Black Box Usage:
------------------------------
# BELS                             : 161
#      GND                         : 1
#      INV                         : 1
#      LUT1                        : 16
#      LUT2                        : 6
#      LUT3                        : 18
#      LUT4                        : 6
#      LUT5                        : 27
#      LUT6                        : 51
#      MUXCY                       : 16
#      MUXF7                       : 1
#      VCC                         : 1
#      XORCY                       : 17
# FlipFlops/Latches                : 96
#      FD                          : 21
#      FDE                         : 27
#      FDR                         : 18
#      FDRE                        : 26
#      FDS                         : 1
#      FDSE                        : 3
# Clock Buffers                    : 1
#      BUFGP                       : 1
# IO Buffers                       : 15
#      IBUF                        : 2
#      OBUF                        : 13

Device utilization summary:
---------------------------

Selected Device : 7a100tcsg324-3 


Slice Logic Utilization: 
 Number of Slice Registers:              96  out of  126800     0%  
 Number of Slice LUTs:                  125  out of  63400     0%  
    Number used as Logic:               125  out of  63400     0%  

Slice Logic Distribution: 
 Number of LUT Flip Flop pairs used:    149
   Number with an unused Flip Flop:      53  out of    149    35%  
   Number with an unused LUT:            24  out of    149    16%  
   Number of fully used LUT-FF pairs:    72  out of    149    48%  
   Number of unique control sets:        12

IO Utilization: 
 Number of IOs:                          16
 Number of bonded IOBs:                  16  out of    210     7%  

Specific Feature Utilization:
 Number of BUFG/BUFGCTRLs:                1  out of     32     3%  

---------------------------
Partition Resource Summary:
---------------------------

  No Partitions were found in this design.

---------------------------


=========================================================================
Timing Report

NOTE: THESE TIMING NUMBERS ARE ONLY A SYNTHESIS ESTIMATE.
      FOR ACCURATE TIMING INFORMATION PLEASE REFER TO THE TRACE REPORT
      GENERATED AFTER PLACE-and-ROUTE.

Clock Information:
------------------
-----------------------------------+------------------------+-------+
Clock Signal                       | Clock buffer(FF name)  | Load  |
-----------------------------------+------------------------+-------+
Clk                                | BUFGP                  | 96    |
-----------------------------------+------------------------+-------+

Asynchronous Control Signals Information:
----------------------------------------
No asynchronous control signals found in this design

Timing Summary:
---------------
Speed Grade: -3

   Minimum period: 2.015ns (Maximum Frequency: 496.253MHz)
   Minimum input arrival time before clock: 1.305ns
   Maximum output required time after clock: 2.238ns
   Maximum combinational path delay: 1.805ns

Timing Details:
---------------
All values displayed in nanoseconds (ns)

=========================================================================
Timing constraint: Default period analysis for Clock 'Clk'
  Clock period: 2.015ns (frequency: 496.253MHz)
  Total number of paths / destination ports: 992 / 184
-------------------------------------------------------------------------
Delay:               2.015ns (Levels of Logic = 2)
  Source:            SS_Driver1/Count_1 (FF)
  Destination:       SS_Driver1/SegmentDrivers_3 (FF)
  Source Clock:      Clk rising
  Destination Clock: Clk rising

  Data Path: SS_Driver1/Count_1 to SS_Driver1/SegmentDrivers_3
                                Gate     Net
    Cell:in->out      fanout   Delay   Delay  Logical Name (Net Name)
    ----------------------------------------  ------------
     FD:C->Q               2   0.361   0.561  SS_Driver1/Count_1 (SS_Driver1/Count_1)
     LUT4:I0->O            1   0.097   0.511  SS_Driver1/out2 (SS_Driver1/out1)
     LUT5:I2->O            4   0.097   0.293  SS_Driver1/out4 (SS_Driver1/Count[16]_reduce_and_3_o)
     FDRE:CE                   0.095          SS_Driver1/SegmentDrivers_0
    ----------------------------------------
    Total                      2.015ns (0.650ns logic, 1.365ns route)
                                       (32.3% logic, 67.7% route)

=========================================================================
Timing constraint: Default OFFSET IN BEFORE for Clock 'Clk'
  Total number of paths / destination ports: 35 / 34
-------------------------------------------------------------------------
Offset:              1.305ns (Levels of Logic = 3)
  Source:            Reset (PAD)
  Destination:       Hash_value_0 (FF)
  Destination Clock: Clk rising

  Data Path: Reset to Hash_value_0
                                Gate     Net
    Cell:in->out      fanout   Delay   Delay  Logical Name (Net Name)
    ----------------------------------------  ------------
     IBUF:I->O            21   0.001   0.774  Reset_IBUF (Reset_IBUF)
     LUT5:I0->O            8   0.097   0.327  _n0068_inv_rstpot (_n0068_inv_rstpot)
     LUT3:I2->O            1   0.097   0.000  Hash_value_0_dpot (Hash_value_0_dpot)
     FDE:D                     0.008          Hash_value_0
    ----------------------------------------
    Total                      1.305ns (0.203ns logic, 1.102ns route)
                                       (15.6% logic, 84.4% route)

=========================================================================
Timing constraint: Default OFFSET OUT AFTER for Clock 'Clk'
  Total number of paths / destination ports: 127 / 12
-------------------------------------------------------------------------
Offset:              2.238ns (Levels of Logic = 3)
  Source:            Hash_value_5 (FF)
  Destination:       SS_Segments<6> (PAD)
  Source Clock:      Clk rising

  Data Path: Hash_value_5 to SS_Segments<6>
                                Gate     Net
    Cell:in->out      fanout   Delay   Delay  Logical Name (Net Name)
    ----------------------------------------  ------------
     FDE:C->Q              9   0.361   0.720  Hash_value_5 (Hash_value_5)
     LUT5:I0->O            1   0.097   0.683  SS_Driver1/Mmux_SevenSegment71 (SS_Driver1/Mmux_SevenSegment7)
     LUT6:I1->O            1   0.097   0.279  SS_Driver1/Mmux_SevenSegment73 (SS_Segments_6_OBUF)
     OBUF:I->O                 0.000          SS_Segments_6_OBUF (SS_Segments<6>)
    ----------------------------------------
    Total                      2.238ns (0.555ns logic, 1.683ns route)
                                       (24.8% logic, 75.2% route)

=========================================================================
Timing constraint: Default path analysis
  Total number of paths / destination ports: 7 / 7
-------------------------------------------------------------------------
Delay:               1.805ns (Levels of Logic = 4)
  Source:            Reset (PAD)
  Destination:       SS_Segments<5> (PAD)

  Data Path: Reset to SS_Segments<5>
                                Gate     Net
    Cell:in->out      fanout   Delay   Delay  Logical Name (Net Name)
    ----------------------------------------  ------------
     IBUF:I->O            21   0.001   0.774  Reset_IBUF (Reset_IBUF)
     LUT5:I0->O            1   0.097   0.556  SS_Driver1/Mmux_SevenSegment62 (SS_Driver1/Mmux_SevenSegment61)
     LUT4:I0->O            1   0.097   0.279  SS_Driver1/Mmux_SevenSegment64 (SS_Segments_5_OBUF)
     OBUF:I->O                 0.000          SS_Segments_5_OBUF (SS_Segments<5>)
    ----------------------------------------
    Total                      1.805ns (0.195ns logic, 1.610ns route)
                                       (10.8% logic, 89.2% route)

=========================================================================

Cross Clock Domains Report:
--------------------------

Clock to Setup on destination clock Clk
---------------+---------+---------+---------+---------+
               | Src:Rise| Src:Fall| Src:Rise| Src:Fall|
Source Clock   |Dest:Rise|Dest:Rise|Dest:Fall|Dest:Fall|
---------------+---------+---------+---------+---------+
Clk            |    2.015|         |         |         |
---------------+---------+---------+---------+---------+

=========================================================================


Total REAL time to Xst completion: 7.00 secs
Total CPU time to Xst completion: 7.80 secs
 
--> 


Total memory usage is 506312 kilobytes

Number of errors   :    0 (   0 filtered)
Number of warnings :  251 (   0 filtered)
Number of infos    :   10 (   0 filtered)

